@  zorupswq
│  (empty) main branch - single line
│ ○  topmxuzq
├─╯  (empty) branch 2
│ ○  vmylrovy
│ │  (empty) branch 13 - multiline description
│ │ ○  rqxpwkmr
│ ├─╯  (empty) branch 12
│ │ ○  wrvqymln
│ ├─╯  (empty) branch 11
│ ○  qzlpqvqu
├─╯  (empty) branch 1
○  wlqtxrzo
│  (empty) initial commit
◆  zzzzzzzz root()