@      yzrmnvpl
├─┬─╮  (empty) (no description set)
│ │ ○  yrxzkkxk
│ │ │  second
│ ◆ │  pvsukzur
│ │ │  add hello file
│ ~ │  (elided revisions)
│ ├─╯
○ │  lkwqqytz
│ │  add `why` file
○ │  oqwrqwrm
│ │  add more file
○ │  xplxzxmu
│ │  add another file
○ │  suumnpyy
│ │  add one more file
○ │  wrulxpqu
│ │  change 1
○ │  mnvkkxpp
├─╯  third
◆  zzzzzzzz root()